(2, 6.7) => 13.4
(2, 9.8) => 19.6
(2, 123.4) => 246.8
(1.1, 6.7) => 7.37
(1.1, 9.8) => 10.78
(1.1, 123.4) => 135.74

